// Jest Snapshot v1, https://goo.gl/fbAQLP

exports[`Test action api snapshot test 1`] = `
<DocumentFragment>
  <div
    class="flex flex-col max-w-full px-4 md:max-w-[85rem] mx-auto my-10"
    data-testid="pokemon-test"
  >
    <div
      class="infinite-scroll-component__outerdiv"
    >
      <div
        class="infinite-scroll-component "
      >
        <div class="grid grid-cols-2 gap-6 sm:grid-cols-3 md:grid-cols-4 lg:grid-cols-5 xl:grid-cols-6 w-full h-full">
					<div class="w-full h-[250px] rounded-2xl p-4 flex flex-col">
						<img />
						<span>bulbasaur</span>
					</div>
        </div>
      </div>
    </div>
  </div>
</DocumentFragment>
`;
